<?xml version="1.0" encoding="ISO-8859-1" ?>
<link_info>
   <banner>TMS320C6x Linker PC v8.3.3</banner>
   <copyright>Copyright (c) 1996-2018 Texas Instruments Incorporated</copyright>
   <link_time>0x5d8547d4</link_time>
   <link_errors>0x0</link_errors>
   <output_file>SonidoMod.out</output_file>
   <entry_point>
      <name>_c_int00</name>
      <address>0x80011be0</address>
   </entry_point>
   <input_file_list>
      <input_file id="fl-2">
         <path>.\</path>
         <kind>object</kind>
         <file>aic31.obj</file>
         <name>aic31.obj</name>
      </input_file>
      <input_file id="fl-3">
         <path>.\</path>
         <kind>object</kind>
         <file>cache.obj</file>
         <name>cache.obj</name>
      </input_file>
      <input_file id="fl-4">
         <path>.\</path>
         <kind>object</kind>
         <file>codecif.obj</file>
         <name>codecif.obj</name>
      </input_file>
      <input_file id="fl-5">
         <path>.\</path>
         <kind>object</kind>
         <file>edma.obj</file>
         <name>edma.obj</name>
      </input_file>
      <input_file id="fl-6">
         <path>.\</path>
         <kind>object</kind>
         <file>edma1.obj</file>
         <name>edma1.obj</name>
      </input_file>
      <input_file id="fl-7">
         <path>.\</path>
         <kind>object</kind>
         <file>gpio.obj</file>
         <name>gpio.obj</name>
      </input_file>
      <input_file id="fl-8">
         <path>.\</path>
         <kind>object</kind>
         <file>i2c.obj</file>
         <name>i2c.obj</name>
      </input_file>
      <input_file id="fl-9">
         <path>.\</path>
         <kind>object</kind>
         <file>i2c1.obj</file>
         <name>i2c1.obj</name>
      </input_file>
      <input_file id="fl-a">
         <path>.\</path>
         <kind>object</kind>
         <file>interrupt.obj</file>
         <name>interrupt.obj</name>
      </input_file>
      <input_file id="fl-b">
         <path>.\</path>
         <kind>object</kind>
         <file>intvecs.obj</file>
         <name>intvecs.obj</name>
      </input_file>
      <input_file id="fl-c">
         <path>.\</path>
         <kind>object</kind>
         <file>main.obj</file>
         <name>main.obj</name>
      </input_file>
      <input_file id="fl-d">
         <path>.\</path>
         <kind>object</kind>
         <file>mcasp.obj</file>
         <name>mcasp.obj</name>
      </input_file>
      <input_file id="fl-e">
         <path>.\</path>
         <kind>object</kind>
         <file>mcasp1.obj</file>
         <name>mcasp1.obj</name>
      </input_file>
      <input_file id="fl-f">
         <path>.\</path>
         <kind>object</kind>
         <file>psc.obj</file>
         <name>psc.obj</name>
      </input_file>
      <input_file id="fl-13">
         <kind>object</kind>
         <file>&lt;internal&gt;</file>
         <name>&lt;internal&gt;</name>
      </input_file>
      <input_file id="fl-2d">
         <path>C:\ti\ccs910\ccs\tools\compiler\ti-cgt-c6000_8.3.3\lib\</path>
         <kind>archive</kind>
         <file>rts6740_elf.lib</file>
         <name>divu.asm.obj</name>
      </input_file>
      <input_file id="fl-2e">
         <path>C:\ti\ccs910\ccs\tools\compiler\ti-cgt-c6000_8.3.3\lib\</path>
         <kind>archive</kind>
         <file>rts6740_elf.lib</file>
         <name>memcpy64.asm.obj</name>
      </input_file>
      <input_file id="fl-2f">
         <path>C:\ti\ccs910\ccs\tools\compiler\ti-cgt-c6000_8.3.3\lib\</path>
         <kind>archive</kind>
         <file>rts6740_elf.lib</file>
         <name>remu.asm.obj</name>
      </input_file>
      <input_file id="fl-30">
         <path>C:\ti\ccs910\ccs\tools\compiler\ti-cgt-c6000_8.3.3\lib\</path>
         <kind>archive</kind>
         <file>rts6740_elf.lib</file>
         <name>boot.c.obj</name>
      </input_file>
      <input_file id="fl-31">
         <path>C:\ti\ccs910\ccs\tools\compiler\ti-cgt-c6000_8.3.3\lib\</path>
         <kind>archive</kind>
         <file>rts6740_elf.lib</file>
         <name>autoinit.c.obj</name>
      </input_file>
      <input_file id="fl-32">
         <path>C:\ti\ccs910\ccs\tools\compiler\ti-cgt-c6000_8.3.3\lib\</path>
         <kind>archive</kind>
         <file>rts6740_elf.lib</file>
         <name>pre_init.c.obj</name>
      </input_file>
      <input_file id="fl-33">
         <path>C:\ti\ccs910\ccs\tools\compiler\ti-cgt-c6000_8.3.3\lib\</path>
         <kind>archive</kind>
         <file>rts6740_elf.lib</file>
         <name>startup.c.obj</name>
      </input_file>
      <input_file id="fl-34">
         <path>C:\ti\ccs910\ccs\tools\compiler\ti-cgt-c6000_8.3.3\lib\</path>
         <kind>archive</kind>
         <file>rts6740_elf.lib</file>
         <name>cpy_tbl.c.obj</name>
      </input_file>
      <input_file id="fl-35">
         <path>C:\ti\ccs910\ccs\tools\compiler\ti-cgt-c6000_8.3.3\lib\</path>
         <kind>archive</kind>
         <file>rts6740_elf.lib</file>
         <name>copy_zero_init.c.obj</name>
      </input_file>
      <input_file id="fl-36">
         <path>C:\ti\ccs910\ccs\tools\compiler\ti-cgt-c6000_8.3.3\lib\</path>
         <kind>archive</kind>
         <file>rts6740_elf.lib</file>
         <name>copy_decompress_none.c.obj</name>
      </input_file>
      <input_file id="fl-37">
         <path>C:\ti\ccs910\ccs\tools\compiler\ti-cgt-c6000_8.3.3\lib\</path>
         <kind>archive</kind>
         <file>rts6740_elf.lib</file>
         <name>copy_decompress_rle.c.obj</name>
      </input_file>
      <input_file id="fl-38">
         <path>C:\ti\ccs910\ccs\tools\compiler\ti-cgt-c6000_8.3.3\lib\</path>
         <kind>archive</kind>
         <file>rts6740_elf.lib</file>
         <name>exit.c.obj</name>
      </input_file>
      <input_file id="fl-39">
         <path>C:\ti\ccs910\ccs\tools\compiler\ti-cgt-c6000_8.3.3\lib\</path>
         <kind>archive</kind>
         <file>rts6740_elf.lib</file>
         <name>args_main.c.obj</name>
      </input_file>
      <input_file id="fl-3a">
         <path>C:\ti\ccs910\ccs\tools\compiler\ti-cgt-c6000_8.3.3\lib\</path>
         <kind>archive</kind>
         <file>rts6740_elf.lib</file>
         <name>tls.c.obj</name>
      </input_file>
      <input_file id="fl-3b">
         <path>C:\ti\ccs910\ccs\tools\compiler\ti-cgt-c6000_8.3.3\lib\</path>
         <kind>archive</kind>
         <file>rts6740_elf.lib</file>
         <name>tls_get_tp.asm.obj</name>
      </input_file>
      <input_file id="fl-3c">
         <path>C:\ti\ccs910\ccs\tools\compiler\ti-cgt-c6000_8.3.3\lib\</path>
         <kind>archive</kind>
         <file>rts6740_elf.lib</file>
         <name>memset.c.obj</name>
      </input_file>
   </input_file_list>
   <object_component_list>
      <object_component id="oc-110">
         <name>.text</name>
         <load_address>0x8000a800</load_address>
         <run_address>0x8000a800</run_address>
         <size>0x17e0</size>
         <input_file_ref idref="fl-6"/>
      </object_component>
      <object_component id="oc-9a">
         <name>.text</name>
         <load_address>0x8000bfe0</load_address>
         <run_address>0x8000bfe0</run_address>
         <size>0x14c0</size>
         <input_file_ref idref="fl-c"/>
      </object_component>
      <object_component id="oc-30">
         <name>.text:retain</name>
         <load_address>0x8000d4a0</load_address>
         <run_address>0x8000d4a0</run_address>
         <size>0x1240</size>
         <input_file_ref idref="fl-a"/>
      </object_component>
      <object_component id="oc-121">
         <name>.text</name>
         <load_address>0x8000e6e0</load_address>
         <run_address>0x8000e6e0</run_address>
         <size>0x10a0</size>
         <input_file_ref idref="fl-e"/>
      </object_component>
      <object_component id="oc-127">
         <name>.text</name>
         <load_address>0x8000f780</load_address>
         <run_address>0x8000f780</run_address>
         <size>0x620</size>
         <input_file_ref idref="fl-a"/>
      </object_component>
      <object_component id="oc-12d">
         <name>.text</name>
         <load_address>0x8000fda0</load_address>
         <run_address>0x8000fda0</run_address>
         <size>0x5c0</size>
         <input_file_ref idref="fl-7"/>
      </object_component>
      <object_component id="oc-1d6">
         <name>.text</name>
         <load_address>0x80010360</load_address>
         <run_address>0x80010360</run_address>
         <size>0x540</size>
         <input_file_ref idref="fl-9"/>
      </object_component>
      <object_component id="oc-11b">
         <name>.text</name>
         <load_address>0x800108a0</load_address>
         <run_address>0x800108a0</run_address>
         <size>0x480</size>
         <input_file_ref idref="fl-2"/>
      </object_component>
      <object_component id="oc-145">
         <name>.text</name>
         <load_address>0x80010d20</load_address>
         <run_address>0x80010d20</run_address>
         <size>0x440</size>
         <input_file_ref idref="fl-4"/>
      </object_component>
      <object_component id="oc-13f">
         <name>.text</name>
         <load_address>0x80011160</load_address>
         <run_address>0x80011160</run_address>
         <size>0x160</size>
         <input_file_ref idref="fl-f"/>
      </object_component>
      <object_component id="oc-45">
         <name>.text:__TI_decompress_rle_core</name>
         <load_address>0x800112c0</load_address>
         <run_address>0x800112c0</run_address>
         <size>0x100</size>
         <input_file_ref idref="fl-37"/>
      </object_component>
      <object_component id="oc-5d">
         <name>.text:_args_main</name>
         <load_address>0x800113c0</load_address>
         <run_address>0x800113c0</run_address>
         <size>0x40</size>
         <input_file_ref idref="fl-39"/>
      </object_component>
      <object_component id="oc-26">
         <name>.text</name>
         <load_address>0x80011400</load_address>
         <run_address>0x80011400</run_address>
         <size>0x200</size>
         <input_file_ref idref="fl-b"/>
      </object_component>
      <object_component id="oc-63">
         <name>.text:exit</name>
         <load_address>0x80011600</load_address>
         <run_address>0x80011600</run_address>
         <size>0xe0</size>
         <input_file_ref idref="fl-38"/>
      </object_component>
      <object_component id="oc-86">
         <name>.text:memset</name>
         <load_address>0x800116e0</load_address>
         <run_address>0x800116e0</run_address>
         <size>0xe0</size>
         <input_file_ref idref="fl-3c"/>
      </object_component>
      <object_component id="oc-ae">
         <name>.text:__TI_auto_init_nobinit_nopinit:__TI_auto_init_nobinit_nopinit</name>
         <load_address>0x800117c0</load_address>
         <run_address>0x800117c0</run_address>
         <size>0xc0</size>
         <input_file_ref idref="fl-31"/>
      </object_component>
      <object_component id="oc-21b">
         <name>.text:__divu</name>
         <load_address>0x80011880</load_address>
         <run_address>0x80011880</run_address>
         <size>0xc0</size>
         <input_file_ref idref="fl-2d"/>
      </object_component>
      <object_component id="oc-164">
         <name>.text:tls:init:__TI_tls_init</name>
         <load_address>0x80011940</load_address>
         <run_address>0x80011940</run_address>
         <size>0xc0</size>
         <input_file_ref idref="fl-3a"/>
      </object_component>
      <object_component id="oc-116">
         <name>.text:__remu</name>
         <load_address>0x80011a00</load_address>
         <run_address>0x80011a00</run_address>
         <size>0xa0</size>
         <input_file_ref idref="fl-2f"/>
      </object_component>
      <object_component id="oc-133">
         <name>.text</name>
         <load_address>0x80011aa0</load_address>
         <run_address>0x80011aa0</run_address>
         <size>0xa0</size>
         <input_file_ref idref="fl-8"/>
      </object_component>
      <object_component id="oc-39">
         <name>.text:memcpy</name>
         <load_address>0x80011b40</load_address>
         <run_address>0x80011b40</run_address>
         <size>0xa0</size>
         <input_file_ref idref="fl-2e"/>
      </object_component>
      <object_component id="oc-25">
         <name>.text:_c_int00</name>
         <load_address>0x80011be0</load_address>
         <run_address>0x80011be0</run_address>
         <size>0x80</size>
         <input_file_ref idref="fl-30"/>
      </object_component>
      <object_component id="oc-139">
         <name>.text</name>
         <load_address>0x80011c60</load_address>
         <run_address>0x80011c60</run_address>
         <size>0x80</size>
         <input_file_ref idref="fl-d"/>
      </object_component>
      <object_component id="oc-15e">
         <name>.text:_system_post_cinit</name>
         <load_address>0x80011ce0</load_address>
         <run_address>0x80011ce0</run_address>
         <size>0x20</size>
         <input_file_ref idref="fl-33"/>
      </object_component>
      <object_component id="oc-69">
         <name>.text:_system_pre_init</name>
         <load_address>0x80011d00</load_address>
         <run_address>0x80011d00</run_address>
         <size>0x20</size>
         <input_file_ref idref="fl-32"/>
      </object_component>
      <object_component id="oc-a5">
         <name>.text:abort</name>
         <load_address>0x80011d20</load_address>
         <run_address>0x80011d20</run_address>
         <size>0x20</size>
         <input_file_ref idref="fl-38"/>
      </object_component>
      <object_component id="oc-18">
         <name>.text:decompress:none:__TI_decompress_none</name>
         <load_address>0x80011d40</load_address>
         <run_address>0x80011d40</run_address>
         <size>0x20</size>
         <input_file_ref idref="fl-36"/>
      </object_component>
      <object_component id="oc-1e">
         <name>.text:decompress:rle24:__TI_decompress_rle24</name>
         <load_address>0x80011d60</load_address>
         <run_address>0x80011d60</run_address>
         <size>0x20</size>
         <input_file_ref idref="fl-37"/>
      </object_component>
      <object_component id="oc-1ba">
         <name>.text</name>
         <load_address>0x80011d80</load_address>
         <run_address>0x80011d80</run_address>
         <size>0x20</size>
         <input_file_ref idref="fl-5"/>
      </object_component>
      <object_component id="oc-36">
         <name>.stack</name>
         <uninitialized>true</uninitialized>
         <run_address>0x80011da0</run_address>
         <size>0x8</size>
         <input_file_ref idref="fl-30"/>
      </object_component>
      <object_component id="oc-266">
         <name>.stack</name>
         <uninitialized>true</uninitialized>
         <run_address>0x80011da0</run_address>
         <size>0x0</size>
      </object_component>
      <object_component id="oc-1d2">
         <name>.common:savedBase</name>
         <uninitialized>true</uninitialized>
         <run_address>0x8000a77c</run_address>
         <size>0x4</size>
      </object_component>
      <object_component id="oc-1b7">
         <name>.common:regionId</name>
         <uninitialized>true</uninitialized>
         <run_address>0x8000a778</run_address>
         <size>0x4</size>
      </object_component>
      <object_component id="oc-10d">
         <name>.const:NUMFIR</name>
         <load_address>0x8000a660</load_address>
         <run_address>0x8000a660</run_address>
         <size>0x24</size>
         <input_file_ref idref="fl-c"/>
      </object_component>
      <object_component id="oc-f5">
         <name>.const:rxDefaultPar</name>
         <load_address>0x8000a684</load_address>
         <run_address>0x8000a684</run_address>
         <size>0x20</size>
         <input_file_ref idref="fl-c"/>
      </object_component>
      <object_component id="oc-f2">
         <name>.const:txDefaultPar</name>
         <load_address>0x8000a6a4</load_address>
         <run_address>0x8000a6a4</run_address>
         <size>0x20</size>
         <input_file_ref idref="fl-c"/>
      </object_component>
      <object_component id="oc-107">
         <name>.const:DENIIR</name>
         <load_address>0x8000a6c8</load_address>
         <run_address>0x8000a6c8</run_address>
         <size>0xc</size>
         <input_file_ref idref="fl-c"/>
      </object_component>
      <object_component id="oc-10a">
         <name>.const:NUMIIR</name>
         <load_address>0x8000a6d8</load_address>
         <run_address>0x8000a6d8</run_address>
         <size>0xc</size>
         <input_file_ref idref="fl-c"/>
      </object_component>
      <object_component id="oc-f8">
         <name>.const:rxBufPtr</name>
         <load_address>0x8000a6e8</load_address>
         <run_address>0x8000a6e8</run_address>
         <size>0xc</size>
         <input_file_ref idref="fl-c"/>
      </object_component>
      <object_component id="oc-fe">
         <name>.const:txBufPtr</name>
         <load_address>0x8000a6f8</load_address>
         <run_address>0x8000a6f8</run_address>
         <size>0xc</size>
         <input_file_ref idref="fl-c"/>
      </object_component>
      <object_component id="oc-1c9">
         <name>.switch:GPIOIntTypeSet</name>
         <load_address>0x8000a768</load_address>
         <run_address>0x8000a768</run_address>
         <size>0x10</size>
         <input_file_ref idref="fl-7"/>
      </object_component>
      <object_component id="oc-72">
         <name>.far:c674xISRtbl</name>
         <uninitialized>true</uninitialized>
         <run_address>0x8000a610</run_address>
         <size>0x40</size>
         <input_file_ref idref="fl-a"/>
      </object_component>
      <object_component id="oc-1c5">
         <name>.far:c674xECMtbl</name>
         <uninitialized>true</uninitialized>
         <run_address>0x8000a410</run_address>
         <size>0x200</size>
         <input_file_ref idref="fl-a"/>
      </object_component>
      <object_component id="oc-1a2">
         <name>.far:txBuf0</name>
         <uninitialized>true</uninitialized>
         <run_address>0x80005dc0</run_address>
         <size>0x1770</size>
         <input_file_ref idref="fl-c"/>
      </object_component>
      <object_component id="oc-1a5">
         <name>.far:txBuf1</name>
         <uninitialized>true</uninitialized>
         <run_address>0x80007530</run_address>
         <size>0x1770</size>
         <input_file_ref idref="fl-c"/>
      </object_component>
      <object_component id="oc-1a8">
         <name>.far:txBuf2</name>
         <uninitialized>true</uninitialized>
         <run_address>0x80008ca0</run_address>
         <size>0x1770</size>
         <input_file_ref idref="fl-c"/>
      </object_component>
      <object_component id="oc-193">
         <name>.far:rxBuf0</name>
         <uninitialized>true</uninitialized>
         <run_address>0x80000000</run_address>
         <size>0x1770</size>
         <input_file_ref idref="fl-c"/>
      </object_component>
      <object_component id="oc-198">
         <name>.far:rxBuf1</name>
         <uninitialized>true</uninitialized>
         <run_address>0x80001770</run_address>
         <size>0x1770</size>
         <input_file_ref idref="fl-c"/>
      </object_component>
      <object_component id="oc-19b">
         <name>.far:rxBuf2</name>
         <uninitialized>true</uninitialized>
         <run_address>0x80002ee0</run_address>
         <size>0x1770</size>
         <input_file_ref idref="fl-c"/>
      </object_component>
      <object_component id="oc-101">
         <name>.far:tempBuf</name>
         <uninitialized>true</uninitialized>
         <run_address>0x80004650</run_address>
         <size>0x1770</size>
         <input_file_ref idref="fl-c"/>
      </object_component>
      <object_component id="oc-1d5">
         <name>.common:slaveData</name>
         <uninitialized>true</uninitialized>
         <run_address>0x8000a650</run_address>
         <size>0xc</size>
      </object_component>
      <object_component id="oc-264">
         <name>.cinit..neardata.load</name>
         <load_address>0x8000a780</load_address>
         <run_address>0x8000a780</run_address>
         <size>0x11</size>
      </object_component>
      <object_component id="oc-265">
         <name>.cinit..fardata.load</name>
         <load_address>0x8000a791</load_address>
         <run_address>0x8000a791</run_address>
         <size>0xd</size>
      </object_component>
      <object_component id="oc-263">
         <name>.cinit..far.load</name>
         <load_address>0x8000a79e</load_address>
         <run_address>0x8000a79e</run_address>
         <size>0xb</size>
      </object_component>
      <object_component id="oc-262">
         <name>.cinit..bss.load</name>
         <load_address>0x8000a7a9</load_address>
         <run_address>0x8000a7a9</run_address>
         <size>0x9</size>
      </object_component>
      <object_component id="oc-260">
         <name>__TI_handler_table</name>
         <load_address>0x8000a7b4</load_address>
         <run_address>0x8000a7b4</run_address>
         <size>0x8</size>
      </object_component>
      <object_component id="oc-261">
         <name>__TI_cinit_table</name>
         <load_address>0x8000a7c0</load_address>
         <run_address>0x8000a7c0</run_address>
         <size>0x20</size>
      </object_component>
      <object_component id="oc-1cf">
         <name>.neardata</name>
         <load_address>0x8000a760</load_address>
         <run_address>0x8000a760</run_address>
         <size>0x8</size>
         <input_file_ref idref="fl-4"/>
      </object_component>
      <object_component id="oc-fb">
         <name>.neardata</name>
         <load_address>0x8000a74c</load_address>
         <run_address>0x8000a74c</run_address>
         <size>0x14</size>
         <input_file_ref idref="fl-c"/>
      </object_component>
      <object_component id="oc-104">
         <name>.fardata:w</name>
         <load_address>0x8000a740</load_address>
         <run_address>0x8000a740</run_address>
         <size>0xc</size>
         <input_file_ref idref="fl-c"/>
      </object_component>
      <object_component id="oc-18e">
         <name>.fardata:loopBuf</name>
         <load_address>0x8000a708</load_address>
         <run_address>0x8000a708</run_address>
         <size>0x28</size>
         <input_file_ref idref="fl-c"/>
      </object_component>
      <object_component id="oc-a2">
         <name>.fardata</name>
         <load_address>0x8000a730</load_address>
         <run_address>0x8000a730</run_address>
         <size>0xc</size>
         <input_file_ref idref="fl-38"/>
      </object_component>
      <object_component id="oc-11c">
         <name>.debug_info</name>
         <load_address>0x0</load_address>
         <run_address>0x0</run_address>
         <size>0x7a9</size>
         <input_file_ref idref="fl-2"/>
      </object_component>
      <object_component id="oc-81">
         <name>.debug_info</name>
         <load_address>0x7a9</load_address>
         <run_address>0x7a9</run_address>
         <size>0xc0</size>
         <input_file_ref idref="fl-2"/>
      </object_component>
      <object_component id="oc-1f5">
         <name>.debug_info</name>
         <load_address>0x869</load_address>
         <run_address>0x869</run_address>
         <size>0x586</size>
         <input_file_ref idref="fl-3"/>
      </object_component>
      <object_component id="oc-180">
         <name>.debug_info</name>
         <load_address>0xdef</load_address>
         <run_address>0xdef</run_address>
         <size>0x2c</size>
         <input_file_ref idref="fl-3"/>
      </object_component>
      <object_component id="oc-1d3">
         <name>.debug_info</name>
         <load_address>0xe1b</load_address>
         <run_address>0xe1b</run_address>
         <size>0x8e0</size>
         <input_file_ref idref="fl-4"/>
      </object_component>
      <object_component id="oc-1d0">
         <name>.debug_info</name>
         <load_address>0x16fb</load_address>
         <run_address>0x16fb</run_address>
         <size>0xf6</size>
         <input_file_ref idref="fl-4"/>
      </object_component>
      <object_component id="oc-149">
         <name>.debug_info</name>
         <load_address>0x17f1</load_address>
         <run_address>0x17f1</run_address>
         <size>0xada</size>
         <input_file_ref idref="fl-4"/>
      </object_component>
      <object_component id="oc-1bb">
         <name>.debug_info</name>
         <load_address>0x22cb</load_address>
         <run_address>0x22cb</run_address>
         <size>0x10a</size>
         <input_file_ref idref="fl-5"/>
      </object_component>
      <object_component id="oc-1b8">
         <name>.debug_info</name>
         <load_address>0x23d5</load_address>
         <run_address>0x23d5</run_address>
         <size>0x5f8</size>
         <input_file_ref idref="fl-6"/>
      </object_component>
      <object_component id="oc-111">
         <name>.debug_info</name>
         <load_address>0x29cd</load_address>
         <run_address>0x29cd</run_address>
         <size>0x268d</size>
         <input_file_ref idref="fl-6"/>
      </object_component>
      <object_component id="oc-185">
         <name>.debug_info</name>
         <load_address>0x505a</load_address>
         <run_address>0x505a</run_address>
         <size>0x26b</size>
         <input_file_ref idref="fl-6"/>
      </object_component>
      <object_component id="oc-14c">
         <name>.debug_info</name>
         <load_address>0x52c5</load_address>
         <run_address>0x52c5</run_address>
         <size>0x256</size>
         <input_file_ref idref="fl-6"/>
      </object_component>
      <object_component id="oc-1f6">
         <name>.debug_info</name>
         <load_address>0x551b</load_address>
         <run_address>0x551b</run_address>
         <size>0x275</size>
         <input_file_ref idref="fl-6"/>
      </object_component>
      <object_component id="oc-12f">
         <name>.debug_info</name>
         <load_address>0x5790</load_address>
         <run_address>0x5790</run_address>
         <size>0xbda</size>
         <input_file_ref idref="fl-7"/>
      </object_component>
      <object_component id="oc-134">
         <name>.debug_info</name>
         <load_address>0x636a</load_address>
         <run_address>0x636a</run_address>
         <size>0x160</size>
         <input_file_ref idref="fl-8"/>
      </object_component>
      <object_component id="oc-1da">
         <name>.debug_info</name>
         <load_address>0x64ca</load_address>
         <run_address>0x64ca</run_address>
         <size>0x1676</size>
         <input_file_ref idref="fl-9"/>
      </object_component>
      <object_component id="oc-e0">
         <name>.debug_info</name>
         <load_address>0x7b40</load_address>
         <run_address>0x7b40</run_address>
         <size>0x581</size>
         <input_file_ref idref="fl-a"/>
      </object_component>
      <object_component id="oc-73">
         <name>.debug_info</name>
         <load_address>0x80c1</load_address>
         <run_address>0x80c1</run_address>
         <size>0xda</size>
         <input_file_ref idref="fl-a"/>
      </object_component>
      <object_component id="oc-1c6">
         <name>.debug_info</name>
         <load_address>0x819b</load_address>
         <run_address>0x819b</run_address>
         <size>0xda</size>
         <input_file_ref idref="fl-a"/>
      </object_component>
      <object_component id="oc-128">
         <name>.debug_info</name>
         <load_address>0x8275</load_address>
         <run_address>0x8275</run_address>
         <size>0x125f</size>
         <input_file_ref idref="fl-a"/>
      </object_component>
      <object_component id="oc-31">
         <name>.debug_info</name>
         <load_address>0x94d4</load_address>
         <run_address>0x94d4</run_address>
         <size>0x74c</size>
         <input_file_ref idref="fl-a"/>
      </object_component>
      <object_component id="oc-29">
         <name>.debug_info</name>
         <load_address>0x9c20</load_address>
         <run_address>0x9c20</run_address>
         <size>0xdc</size>
         <input_file_ref idref="fl-b"/>
      </object_component>
      <object_component id="oc-151">
         <name>.debug_info</name>
         <load_address>0x9cfc</load_address>
         <run_address>0x9cfc</run_address>
         <size>0x120e</size>
         <input_file_ref idref="fl-c"/>
      </object_component>
      <object_component id="oc-10b">
         <name>.debug_info</name>
         <load_address>0xaf0a</load_address>
         <run_address>0xaf0a</run_address>
         <size>0xcc</size>
         <input_file_ref idref="fl-c"/>
      </object_component>
      <object_component id="oc-108">
         <name>.debug_info</name>
         <load_address>0xafd6</load_address>
         <run_address>0xafd6</run_address>
         <size>0xcc</size>
         <input_file_ref idref="fl-c"/>
      </object_component>
      <object_component id="oc-105">
         <name>.debug_info</name>
         <load_address>0xb0a2</load_address>
         <run_address>0xb0a2</run_address>
         <size>0xc2</size>
         <input_file_ref idref="fl-c"/>
      </object_component>
      <object_component id="oc-10e">
         <name>.debug_info</name>
         <load_address>0xb164</load_address>
         <run_address>0xb164</run_address>
         <size>0xcc</size>
         <input_file_ref idref="fl-c"/>
      </object_component>
      <object_component id="oc-18f">
         <name>.debug_info</name>
         <load_address>0xb230</load_address>
         <run_address>0xb230</run_address>
         <size>0xcd</size>
         <input_file_ref idref="fl-c"/>
      </object_component>
      <object_component id="oc-1a3">
         <name>.debug_info</name>
         <load_address>0xb2fd</load_address>
         <run_address>0xb2fd</run_address>
         <size>0xcb</size>
         <input_file_ref idref="fl-c"/>
      </object_component>
      <object_component id="oc-1a6">
         <name>.debug_info</name>
         <load_address>0xb3c8</load_address>
         <run_address>0xb3c8</run_address>
         <size>0xcb</size>
         <input_file_ref idref="fl-c"/>
      </object_component>
      <object_component id="oc-1a9">
         <name>.debug_info</name>
         <load_address>0xb493</load_address>
         <run_address>0xb493</run_address>
         <size>0xcb</size>
         <input_file_ref idref="fl-c"/>
      </object_component>
      <object_component id="oc-194">
         <name>.debug_info</name>
         <load_address>0xb55e</load_address>
         <run_address>0xb55e</run_address>
         <size>0xcb</size>
         <input_file_ref idref="fl-c"/>
      </object_component>
      <object_component id="oc-199">
         <name>.debug_info</name>
         <load_address>0xb629</load_address>
         <run_address>0xb629</run_address>
         <size>0xcb</size>
         <input_file_ref idref="fl-c"/>
      </object_component>
      <object_component id="oc-19c">
         <name>.debug_info</name>
         <load_address>0xb6f4</load_address>
         <run_address>0xb6f4</run_address>
         <size>0xcb</size>
         <input_file_ref idref="fl-c"/>
      </object_component>
      <object_component id="oc-102">
         <name>.debug_info</name>
         <load_address>0xb7bf</load_address>
         <run_address>0xb7bf</run_address>
         <size>0xcd</size>
         <input_file_ref idref="fl-c"/>
      </object_component>
      <object_component id="oc-fc">
         <name>.debug_info</name>
         <load_address>0xb88c</load_address>
         <run_address>0xb88c</run_address>
         <size>0x19d</size>
         <input_file_ref idref="fl-c"/>
      </object_component>
      <object_component id="oc-f9">
         <name>.debug_info</name>
         <load_address>0xba29</load_address>
         <run_address>0xba29</run_address>
         <size>0xcf</size>
         <input_file_ref idref="fl-c"/>
      </object_component>
      <object_component id="oc-ff">
         <name>.debug_info</name>
         <load_address>0xbaf8</load_address>
         <run_address>0xbaf8</run_address>
         <size>0xcf</size>
         <input_file_ref idref="fl-c"/>
      </object_component>
      <object_component id="oc-f3">
         <name>.debug_info</name>
         <load_address>0xbbc7</load_address>
         <run_address>0xbbc7</run_address>
         <size>0xd8</size>
         <input_file_ref idref="fl-c"/>
      </object_component>
      <object_component id="oc-f6">
         <name>.debug_info</name>
         <load_address>0xbc9f</load_address>
         <run_address>0xbc9f</run_address>
         <size>0xd8</size>
         <input_file_ref idref="fl-c"/>
      </object_component>
      <object_component id="oc-9b">
         <name>.debug_info</name>
         <load_address>0xbd77</load_address>
         <run_address>0xbd77</run_address>
         <size>0x18df</size>
         <input_file_ref idref="fl-c"/>
      </object_component>
      <object_component id="oc-20e">
         <name>.debug_info</name>
         <load_address>0xd656</load_address>
         <run_address>0xd656</run_address>
         <size>0x1e3</size>
         <input_file_ref idref="fl-c"/>
      </object_component>
      <object_component id="oc-13a">
         <name>.debug_info</name>
         <load_address>0xd839</load_address>
         <run_address>0xd839</run_address>
         <size>0x12b</size>
         <input_file_ref idref="fl-d"/>
      </object_component>
      <object_component id="oc-1c4">
         <name>.debug_info</name>
         <load_address>0xd964</load_address>
         <run_address>0xd964</run_address>
         <size>0x533</size>
         <input_file_ref idref="fl-e"/>
      </object_component>
      <object_component id="oc-122">
         <name>.debug_info</name>
         <load_address>0xde97</load_address>
         <run_address>0xde97</run_address>
         <size>0x2987</size>
         <input_file_ref idref="fl-e"/>
      </object_component>
      <object_component id="oc-1ce">
         <name>.debug_info</name>
         <load_address>0x1081e</load_address>
         <run_address>0x1081e</run_address>
         <size>0x521</size>
         <input_file_ref idref="fl-f"/>
      </object_component>
      <object_component id="oc-143">
         <name>.debug_info</name>
         <load_address>0x10d3f</load_address>
         <run_address>0x10d3f</run_address>
         <size>0x217</size>
         <input_file_ref idref="fl-f"/>
      </object_component>
      <object_component id="oc-21c">
         <name>.debug_info</name>
         <load_address>0x10f56</load_address>
         <run_address>0x10f56</run_address>
         <size>0x114</size>
         <input_file_ref idref="fl-2d"/>
      </object_component>
      <object_component id="oc-3b">
         <name>.debug_info</name>
         <load_address>0x1106a</load_address>
         <run_address>0x1106a</run_address>
         <size>0x121</size>
         <input_file_ref idref="fl-2e"/>
      </object_component>
      <object_component id="oc-117">
         <name>.debug_info</name>
         <load_address>0x1118b</load_address>
         <run_address>0x1118b</run_address>
         <size>0x114</size>
         <input_file_ref idref="fl-2f"/>
      </object_component>
      <object_component id="oc-78">
         <name>.debug_info</name>
         <load_address>0x1129f</load_address>
         <run_address>0x1129f</run_address>
         <size>0x5de</size>
         <input_file_ref idref="fl-30"/>
      </object_component>
      <object_component id="oc-37">
         <name>.debug_info</name>
         <load_address>0x1187d</load_address>
         <run_address>0x1187d</run_address>
         <size>0xf5</size>
         <input_file_ref idref="fl-30"/>
      </object_component>
      <object_component id="oc-2e">
         <name>.debug_info</name>
         <load_address>0x11972</load_address>
         <run_address>0x11972</run_address>
         <size>0x182</size>
         <input_file_ref idref="fl-30"/>
      </object_component>
      <object_component id="oc-16b">
         <name>.debug_info</name>
         <load_address>0x11af4</load_address>
         <run_address>0x11af4</run_address>
         <size>0x7c3</size>
         <input_file_ref idref="fl-31"/>
      </object_component>
      <object_component id="oc-b1">
         <name>.debug_info</name>
         <load_address>0x122b7</load_address>
         <run_address>0x122b7</run_address>
         <size>0x1af</size>
         <input_file_ref idref="fl-31"/>
      </object_component>
      <object_component id="oc-1e4">
         <name>.debug_info</name>
         <load_address>0x12466</load_address>
         <run_address>0x12466</run_address>
         <size>0x39</size>
         <input_file_ref idref="fl-31"/>
      </object_component>
      <object_component id="oc-1f0">
         <name>.debug_info</name>
         <load_address>0x1249f</load_address>
         <run_address>0x1249f</run_address>
         <size>0x39</size>
         <input_file_ref idref="fl-31"/>
      </object_component>
      <object_component id="oc-176">
         <name>.debug_info</name>
         <load_address>0x124d8</load_address>
         <run_address>0x124d8</run_address>
         <size>0x39</size>
         <input_file_ref idref="fl-31"/>
      </object_component>
      <object_component id="oc-1e9">
         <name>.debug_info</name>
         <load_address>0x12511</load_address>
         <run_address>0x12511</run_address>
         <size>0xcd</size>
         <input_file_ref idref="fl-31"/>
      </object_component>
      <object_component id="oc-6b">
         <name>.debug_info</name>
         <load_address>0x125de</load_address>
         <run_address>0x125de</run_address>
         <size>0x148</size>
         <input_file_ref idref="fl-32"/>
      </object_component>
      <object_component id="oc-160">
         <name>.debug_info</name>
         <load_address>0x12726</load_address>
         <run_address>0x12726</run_address>
         <size>0x145</size>
         <input_file_ref idref="fl-33"/>
      </object_component>
      <object_component id="oc-e5">
         <name>.debug_info</name>
         <load_address>0x1286b</load_address>
         <run_address>0x1286b</run_address>
         <size>0x2c</size>
         <input_file_ref idref="fl-35"/>
      </object_component>
      <object_component id="oc-44">
         <name>.debug_info</name>
         <load_address>0x12897</load_address>
         <run_address>0x12897</run_address>
         <size>0x56c</size>
         <input_file_ref idref="fl-36"/>
      </object_component>
      <object_component id="oc-1a">
         <name>.debug_info</name>
         <load_address>0x12e03</load_address>
         <run_address>0x12e03</run_address>
         <size>0x1cc</size>
         <input_file_ref idref="fl-36"/>
      </object_component>
      <object_component id="oc-3f">
         <name>.debug_info</name>
         <load_address>0x12fcf</load_address>
         <run_address>0x12fcf</run_address>
         <size>0x46</size>
         <input_file_ref idref="fl-36"/>
      </object_component>
      <object_component id="oc-7a">
         <name>.debug_info</name>
         <load_address>0x13015</load_address>
         <run_address>0x13015</run_address>
         <size>0x2c</size>
         <input_file_ref idref="fl-36"/>
      </object_component>
      <object_component id="oc-8d">
         <name>.debug_info</name>
         <load_address>0x13041</load_address>
         <run_address>0x13041</run_address>
         <size>0x59d</size>
         <input_file_ref idref="fl-37"/>
      </object_component>
      <object_component id="oc-47">
         <name>.debug_info</name>
         <load_address>0x135de</load_address>
         <run_address>0x135de</run_address>
         <size>0x254</size>
         <input_file_ref idref="fl-37"/>
      </object_component>
      <object_component id="oc-20">
         <name>.debug_info</name>
         <load_address>0x13832</load_address>
         <run_address>0x13832</run_address>
         <size>0x1b1</size>
         <input_file_ref idref="fl-37"/>
      </object_component>
      <object_component id="oc-4c">
         <name>.debug_info</name>
         <load_address>0x139e3</load_address>
         <run_address>0x139e3</run_address>
         <size>0x46</size>
         <input_file_ref idref="fl-37"/>
      </object_component>
      <object_component id="oc-ec">
         <name>.debug_info</name>
         <load_address>0x13a29</load_address>
         <run_address>0x13a29</run_address>
         <size>0x39</size>
         <input_file_ref idref="fl-37"/>
      </object_component>
      <object_component id="oc-8e">
         <name>.debug_info</name>
         <load_address>0x13a62</load_address>
         <run_address>0x13a62</run_address>
         <size>0x2c</size>
         <input_file_ref idref="fl-37"/>
      </object_component>
      <object_component id="oc-ac">
         <name>.debug_info</name>
         <load_address>0x13a8e</load_address>
         <run_address>0x13a8e</run_address>
         <size>0x59b</size>
         <input_file_ref idref="fl-38"/>
      </object_component>
      <object_component id="oc-a3">
         <name>.debug_info</name>
         <load_address>0x14029</load_address>
         <run_address>0x14029</run_address>
         <size>0x185</size>
         <input_file_ref idref="fl-38"/>
      </object_component>
      <object_component id="oc-a7">
         <name>.debug_info</name>
         <load_address>0x141ae</load_address>
         <run_address>0x141ae</run_address>
         <size>0x117</size>
         <input_file_ref idref="fl-38"/>
      </object_component>
      <object_component id="oc-66">
         <name>.debug_info</name>
         <load_address>0x142c5</load_address>
         <run_address>0x142c5</run_address>
         <size>0x177</size>
         <input_file_ref idref="fl-38"/>
      </object_component>
      <object_component id="oc-a1">
         <name>.debug_info</name>
         <load_address>0x1443c</load_address>
         <run_address>0x1443c</run_address>
         <size>0x5a8</size>
         <input_file_ref idref="fl-39"/>
      </object_component>
      <object_component id="oc-5e">
         <name>.debug_info</name>
         <load_address>0x149e4</load_address>
         <run_address>0x149e4</run_address>
         <size>0x167</size>
         <input_file_ref idref="fl-39"/>
      </object_component>
      <object_component id="oc-154">
         <name>.debug_info</name>
         <load_address>0x14b4b</load_address>
         <run_address>0x14b4b</run_address>
         <size>0x5e</size>
         <input_file_ref idref="fl-39"/>
      </object_component>
      <object_component id="oc-1e1">
         <name>.debug_info</name>
         <load_address>0x14ba9</load_address>
         <run_address>0x14ba9</run_address>
         <size>0x6f9</size>
         <input_file_ref idref="fl-3a"/>
      </object_component>
      <object_component id="oc-165">
         <name>.debug_info</name>
         <load_address>0x152a2</load_address>
         <run_address>0x152a2</run_address>
         <size>0x20f</size>
         <input_file_ref idref="fl-3a"/>
      </object_component>
      <object_component id="oc-223">
         <name>.debug_info</name>
         <load_address>0x154b1</load_address>
         <run_address>0x154b1</run_address>
         <size>0x2c</size>
         <input_file_ref idref="fl-3a"/>
      </object_component>
      <object_component id="oc-228">
         <name>.debug_info</name>
         <load_address>0x154dd</load_address>
         <run_address>0x154dd</run_address>
         <size>0x39</size>
         <input_file_ref idref="fl-3a"/>
      </object_component>
      <object_component id="oc-e4">
         <name>.debug_info</name>
         <load_address>0x15516</load_address>
         <run_address>0x15516</run_address>
         <size>0x563</size>
         <input_file_ref idref="fl-3c"/>
      </object_component>
      <object_component id="oc-87">
         <name>.debug_info</name>
         <load_address>0x15a79</load_address>
         <run_address>0x15a79</run_address>
         <size>0x229</size>
         <input_file_ref idref="fl-3c"/>
      </object_component>
      <object_component id="oc-267">
         <name>.debug_info</name>
         <load_address>0x15ca2</load_address>
         <run_address>0x15ca2</run_address>
         <size>0xac</size>
      </object_component>
      <object_component id="oc-11f">
         <name>.debug_line</name>
         <load_address>0x0</load_address>
         <run_address>0x0</run_address>
         <size>0x198</size>
         <input_file_ref idref="fl-2"/>
      </object_component>
      <object_component id="oc-83">
         <name>.debug_line</name>
         <load_address>0x198</load_address>
         <run_address>0x198</run_address>
         <size>0x20</size>
         <input_file_ref idref="fl-2"/>
      </object_component>
      <object_component id="oc-235">
         <name>.debug_line</name>
         <load_address>0x1b8</load_address>
         <run_address>0x1b8</run_address>
         <size>0x66</size>
         <input_file_ref idref="fl-3"/>
      </object_component>
      <object_component id="oc-182">
         <name>.debug_line</name>
         <load_address>0x21e</load_address>
         <run_address>0x21e</run_address>
         <size>0x66</size>
         <input_file_ref idref="fl-3"/>
      </object_component>
      <object_component id="oc-21a">
         <name>.debug_line</name>
         <load_address>0x284</load_address>
         <run_address>0x284</run_address>
         <size>0xaa</size>
         <input_file_ref idref="fl-4"/>
      </object_component>
      <object_component id="oc-218">
         <name>.debug_line</name>
         <load_address>0x32e</load_address>
         <run_address>0x32e</run_address>
         <size>0x30</size>
         <input_file_ref idref="fl-4"/>
      </object_component>
      <object_component id="oc-148">
         <name>.debug_line</name>
         <load_address>0x35e</load_address>
         <run_address>0x35e</run_address>
         <size>0x1a9</size>
         <input_file_ref idref="fl-4"/>
      </object_component>
      <object_component id="oc-1be">
         <name>.debug_line</name>
         <load_address>0x507</load_address>
         <run_address>0x507</run_address>
         <size>0x40</size>
         <input_file_ref idref="fl-5"/>
      </object_component>
      <object_component id="oc-20a">
         <name>.debug_line</name>
         <load_address>0x547</load_address>
         <run_address>0x547</run_address>
         <size>0x63</size>
         <input_file_ref idref="fl-6"/>
      </object_component>
      <object_component id="oc-114">
         <name>.debug_line</name>
         <load_address>0x5aa</load_address>
         <run_address>0x5aa</run_address>
         <size>0x81a</size>
         <input_file_ref idref="fl-6"/>
      </object_component>
      <object_component id="oc-187">
         <name>.debug_line</name>
         <load_address>0xdc4</load_address>
         <run_address>0xdc4</run_address>
         <size>0x6b</size>
         <input_file_ref idref="fl-6"/>
      </object_component>
      <object_component id="oc-14e">
         <name>.debug_line</name>
         <load_address>0xe2f</load_address>
         <run_address>0xe2f</run_address>
         <size>0x55</size>
         <input_file_ref idref="fl-6"/>
      </object_component>
      <object_component id="oc-1f8">
         <name>.debug_line</name>
         <load_address>0xe84</load_address>
         <run_address>0xe84</run_address>
         <size>0x6f</size>
         <input_file_ref idref="fl-6"/>
      </object_component>
      <object_component id="oc-132">
         <name>.debug_line</name>
         <load_address>0xef3</load_address>
         <run_address>0xef3</run_address>
         <size>0x1ec</size>
         <input_file_ref idref="fl-7"/>
      </object_component>
      <object_component id="oc-137">
         <name>.debug_line</name>
         <load_address>0x10df</load_address>
         <run_address>0x10df</run_address>
         <size>0x51</size>
         <input_file_ref idref="fl-8"/>
      </object_component>
      <object_component id="oc-1d9">
         <name>.debug_line</name>
         <load_address>0x1130</load_address>
         <run_address>0x1130</run_address>
         <size>0x39e</size>
         <input_file_ref idref="fl-9"/>
      </object_component>
      <object_component id="oc-17f">
         <name>.debug_line</name>
         <load_address>0x14ce</load_address>
         <run_address>0x14ce</run_address>
         <size>0x32</size>
         <input_file_ref idref="fl-a"/>
      </object_component>
      <object_component id="oc-df">
         <name>.debug_line</name>
         <load_address>0x1500</load_address>
         <run_address>0x1500</run_address>
         <size>0x32</size>
         <input_file_ref idref="fl-a"/>
      </object_component>
      <object_component id="oc-214">
         <name>.debug_line</name>
         <load_address>0x1532</load_address>
         <run_address>0x1532</run_address>
         <size>0x32</size>
         <input_file_ref idref="fl-a"/>
      </object_component>
      <object_component id="oc-12b">
         <name>.debug_line</name>
         <load_address>0x1564</load_address>
         <run_address>0x1564</run_address>
         <size>0x31b</size>
         <input_file_ref idref="fl-a"/>
      </object_component>
      <object_component id="oc-34">
         <name>.debug_line</name>
         <load_address>0x187f</load_address>
         <run_address>0x187f</run_address>
         <size>0x1a6</size>
         <input_file_ref idref="fl-a"/>
      </object_component>
      <object_component id="oc-27">
         <name>.debug_line</name>
         <load_address>0x1a25</load_address>
         <run_address>0x1a25</run_address>
         <size>0xbe</size>
         <input_file_ref idref="fl-b"/>
      </object_component>
      <object_component id="oc-1de">
         <name>.debug_line</name>
         <load_address>0x1ae3</load_address>
         <run_address>0x1ae3</run_address>
         <size>0x210</size>
         <input_file_ref idref="fl-c"/>
      </object_component>
      <object_component id="oc-1b4">
         <name>.debug_line</name>
         <load_address>0x1cf3</load_address>
         <run_address>0x1cf3</run_address>
         <size>0x2d</size>
         <input_file_ref idref="fl-c"/>
      </object_component>
      <object_component id="oc-1b2">
         <name>.debug_line</name>
         <load_address>0x1d20</load_address>
         <run_address>0x1d20</run_address>
         <size>0x2d</size>
         <input_file_ref idref="fl-c"/>
      </object_component>
      <object_component id="oc-1b0">
         <name>.debug_line</name>
         <load_address>0x1d4d</load_address>
         <run_address>0x1d4d</run_address>
         <size>0x2d</size>
         <input_file_ref idref="fl-c"/>
      </object_component>
      <object_component id="oc-1b6">
         <name>.debug_line</name>
         <load_address>0x1d7a</load_address>
         <run_address>0x1d7a</run_address>
         <size>0x2d</size>
         <input_file_ref idref="fl-c"/>
      </object_component>
      <object_component id="oc-1fc">
         <name>.debug_line</name>
         <load_address>0x1da7</load_address>
         <run_address>0x1da7</run_address>
         <size>0x2d</size>
         <input_file_ref idref="fl-c"/>
      </object_component>
      <object_component id="oc-204">
         <name>.debug_line</name>
         <load_address>0x1dd4</load_address>
         <run_address>0x1dd4</run_address>
         <size>0x2d</size>
         <input_file_ref idref="fl-c"/>
      </object_component>
      <object_component id="oc-206">
         <name>.debug_line</name>
         <load_address>0x1e01</load_address>
         <run_address>0x1e01</run_address>
         <size>0x2d</size>
         <input_file_ref idref="fl-c"/>
      </object_component>
      <object_component id="oc-208">
         <name>.debug_line</name>
         <load_address>0x1e2e</load_address>
         <run_address>0x1e2e</run_address>
         <size>0x2d</size>
         <input_file_ref idref="fl-c"/>
      </object_component>
      <object_component id="oc-1fe">
         <name>.debug_line</name>
         <load_address>0x1e5b</load_address>
         <run_address>0x1e5b</run_address>
         <size>0x2d</size>
         <input_file_ref idref="fl-c"/>
      </object_component>
      <object_component id="oc-200">
         <name>.debug_line</name>
         <load_address>0x1e88</load_address>
         <run_address>0x1e88</run_address>
         <size>0x2d</size>
         <input_file_ref idref="fl-c"/>
      </object_component>
      <object_component id="oc-202">
         <name>.debug_line</name>
         <load_address>0x1eb5</load_address>
         <run_address>0x1eb5</run_address>
         <size>0x2d</size>
         <input_file_ref idref="fl-c"/>
      </object_component>
      <object_component id="oc-1ae">
         <name>.debug_line</name>
         <load_address>0x1ee2</load_address>
         <run_address>0x1ee2</run_address>
         <size>0x2d</size>
         <input_file_ref idref="fl-c"/>
      </object_component>
      <object_component id="oc-1a1">
         <name>.debug_line</name>
         <load_address>0x1f0f</load_address>
         <run_address>0x1f0f</run_address>
         <size>0x2d</size>
         <input_file_ref idref="fl-c"/>
      </object_component>
      <object_component id="oc-19f">
         <name>.debug_line</name>
         <load_address>0x1f3c</load_address>
         <run_address>0x1f3c</run_address>
         <size>0x2d</size>
         <input_file_ref idref="fl-c"/>
      </object_component>
      <object_component id="oc-1ac">
         <name>.debug_line</name>
         <load_address>0x1f69</load_address>
         <run_address>0x1f69</run_address>
         <size>0x2d</size>
         <input_file_ref idref="fl-c"/>
      </object_component>
      <object_component id="oc-192">
         <name>.debug_line</name>
         <load_address>0x1f96</load_address>
         <run_address>0x1f96</run_address>
         <size>0x2d</size>
         <input_file_ref idref="fl-c"/>
      </object_component>
      <object_component id="oc-197">
         <name>.debug_line</name>
         <load_address>0x1fc3</load_address>
         <run_address>0x1fc3</run_address>
         <size>0x2d</size>
         <input_file_ref idref="fl-c"/>
      </object_component>
      <object_component id="oc-9f">
         <name>.debug_line</name>
         <load_address>0x1ff0</load_address>
         <run_address>0x1ff0</run_address>
         <size>0x5f2</size>
         <input_file_ref idref="fl-c"/>
      </object_component>
      <object_component id="oc-210">
         <name>.debug_line</name>
         <load_address>0x25e2</load_address>
         <run_address>0x25e2</run_address>
         <size>0x56</size>
         <input_file_ref idref="fl-c"/>
      </object_component>
      <object_component id="oc-13d">
         <name>.debug_line</name>
         <load_address>0x2638</load_address>
         <run_address>0x2638</run_address>
         <size>0x4a</size>
         <input_file_ref idref="fl-d"/>
      </object_component>
      <object_component id="oc-20d">
         <name>.debug_line</name>
         <load_address>0x2682</load_address>
         <run_address>0x2682</run_address>
         <size>0x20</size>
         <input_file_ref idref="fl-e"/>
      </object_component>
      <object_component id="oc-125">
         <name>.debug_line</name>
         <load_address>0x26a2</load_address>
         <run_address>0x26a2</run_address>
         <size>0x5ab</size>
         <input_file_ref idref="fl-e"/>
      </object_component>
      <object_component id="oc-216">
         <name>.debug_line</name>
         <load_address>0x2c4d</load_address>
         <run_address>0x2c4d</run_address>
         <size>0x20</size>
         <input_file_ref idref="fl-f"/>
      </object_component>
      <object_component id="oc-142">
         <name>.debug_line</name>
         <load_address>0x2c6d</load_address>
         <run_address>0x2c6d</run_address>
         <size>0x7d</size>
         <input_file_ref idref="fl-f"/>
      </object_component>
      <object_component id="oc-21f">
         <name>.debug_line</name>
         <load_address>0x2cea</load_address>
         <run_address>0x2cea</run_address>
         <size>0x47</size>
         <input_file_ref idref="fl-2d"/>
      </object_component>
      <object_component id="oc-3a">
         <name>.debug_line</name>
         <load_address>0x2d31</load_address>
         <run_address>0x2d31</run_address>
         <size>0x4e</size>
         <input_file_ref idref="fl-2e"/>
      </object_component>
      <object_component id="oc-11a">
         <name>.debug_line</name>
         <load_address>0x2d7f</load_address>
         <run_address>0x2d7f</run_address>
         <size>0x44</size>
         <input_file_ref idref="fl-2f"/>
      </object_component>
      <object_component id="oc-e2">
         <name>.debug_line</name>
         <load_address>0x2dc3</load_address>
         <run_address>0x2dc3</run_address>
         <size>0x48</size>
         <input_file_ref idref="fl-30"/>
      </object_component>
      <object_component id="oc-77">
         <name>.debug_line</name>
         <load_address>0x2e0b</load_address>
         <run_address>0x2e0b</run_address>
         <size>0x2a</size>
         <input_file_ref idref="fl-30"/>
      </object_component>
      <object_component id="oc-2b">
         <name>.debug_line</name>
         <load_address>0x2e35</load_address>
         <run_address>0x2e35</run_address>
         <size>0x5d</size>
         <input_file_ref idref="fl-30"/>
      </object_component>
      <object_component id="oc-1e3">
         <name>.debug_line</name>
         <load_address>0x2e92</load_address>
         <run_address>0x2e92</run_address>
         <size>0xbf</size>
         <input_file_ref idref="fl-31"/>
      </object_component>
      <object_component id="oc-af">
         <name>.debug_line</name>
         <load_address>0x2f51</load_address>
         <run_address>0x2f51</run_address>
         <size>0x8d</size>
         <input_file_ref idref="fl-31"/>
      </object_component>
      <object_component id="oc-1e6">
         <name>.debug_line</name>
         <load_address>0x2fde</load_address>
         <run_address>0x2fde</run_address>
         <size>0x2e</size>
         <input_file_ref idref="fl-31"/>
      </object_component>
      <object_component id="oc-1f2">
         <name>.debug_line</name>
         <load_address>0x300c</load_address>
         <run_address>0x300c</run_address>
         <size>0x9a</size>
         <input_file_ref idref="fl-31"/>
      </object_component>
      <object_component id="oc-178">
         <name>.debug_line</name>
         <load_address>0x30a6</load_address>
         <run_address>0x30a6</run_address>
         <size>0x97</size>
         <input_file_ref idref="fl-31"/>
      </object_component>
      <object_component id="oc-1eb">
         <name>.debug_line</name>
         <load_address>0x313d</load_address>
         <run_address>0x313d</run_address>
         <size>0x93</size>
         <input_file_ref idref="fl-31"/>
      </object_component>
      <object_component id="oc-6e">
         <name>.debug_line</name>
         <load_address>0x31d0</load_address>
         <run_address>0x31d0</run_address>
         <size>0x40</size>
         <input_file_ref idref="fl-32"/>
      </object_component>
      <object_component id="oc-163">
         <name>.debug_line</name>
         <load_address>0x3210</load_address>
         <run_address>0x3210</run_address>
         <size>0x3b</size>
         <input_file_ref idref="fl-33"/>
      </object_component>
      <object_component id="oc-e7">
         <name>.debug_line</name>
         <load_address>0x324b</load_address>
         <run_address>0x324b</run_address>
         <size>0x92</size>
         <input_file_ref idref="fl-35"/>
      </object_component>
      <object_component id="oc-80">
         <name>.debug_line</name>
         <load_address>0x32dd</load_address>
         <run_address>0x32dd</run_address>
         <size>0x20</size>
         <input_file_ref idref="fl-36"/>
      </object_component>
      <object_component id="oc-1d">
         <name>.debug_line</name>
         <load_address>0x32fd</load_address>
         <run_address>0x32fd</run_address>
         <size>0x53</size>
         <input_file_ref idref="fl-36"/>
      </object_component>
      <object_component id="oc-41">
         <name>.debug_line</name>
         <load_address>0x3350</load_address>
         <run_address>0x3350</run_address>
         <size>0x3a</size>
         <input_file_ref idref="fl-36"/>
      </object_component>
      <object_component id="oc-7c">
         <name>.debug_line</name>
         <load_address>0x338a</load_address>
         <run_address>0x338a</run_address>
         <size>0x92</size>
         <input_file_ref idref="fl-36"/>
      </object_component>
      <object_component id="oc-eb">
         <name>.debug_line</name>
         <load_address>0x341c</load_address>
         <run_address>0x341c</run_address>
         <size>0x92</size>
         <input_file_ref idref="fl-37"/>
      </object_component>
      <object_component id="oc-49">
         <name>.debug_line</name>
         <load_address>0x34ae</load_address>
         <run_address>0x34ae</run_address>
         <size>0xc6</size>
         <input_file_ref idref="fl-37"/>
      </object_component>
      <object_component id="oc-22">
         <name>.debug_line</name>
         <load_address>0x3574</load_address>
         <run_address>0x3574</run_address>
         <size>0x49</size>
         <input_file_ref idref="fl-37"/>
      </object_component>
      <object_component id="oc-4e">
         <name>.debug_line</name>
         <load_address>0x35bd</load_address>
         <run_address>0x35bd</run_address>
         <size>0x39</size>
         <input_file_ref idref="fl-37"/>
      </object_component>
      <object_component id="oc-ee">
         <name>.debug_line</name>
         <load_address>0x35f6</load_address>
         <run_address>0x35f6</run_address>
         <size>0x9a</size>
         <input_file_ref idref="fl-37"/>
      </object_component>
      <object_component id="oc-90">
         <name>.debug_line</name>
         <load_address>0x3690</load_address>
         <run_address>0x3690</run_address>
         <size>0x96</size>
         <input_file_ref idref="fl-37"/>
      </object_component>
      <object_component id="oc-15d">
         <name>.debug_line</name>
         <load_address>0x3726</load_address>
         <run_address>0x3726</run_address>
         <size>0x91</size>
         <input_file_ref idref="fl-38"/>
      </object_component>
      <object_component id="oc-15a">
         <name>.debug_line</name>
         <load_address>0x37b7</load_address>
         <run_address>0x37b7</run_address>
         <size>0x2a</size>
         <input_file_ref idref="fl-38"/>
      </object_component>
      <object_component id="oc-a9">
         <name>.debug_line</name>
         <load_address>0x37e1</load_address>
         <run_address>0x37e1</run_address>
         <size>0x3a</size>
         <input_file_ref idref="fl-38"/>
      </object_component>
      <object_component id="oc-65">
         <name>.debug_line</name>
         <load_address>0x381b</load_address>
         <run_address>0x381b</run_address>
         <size>0x85</size>
         <input_file_ref idref="fl-38"/>
      </object_component>
      <object_component id="oc-153">
         <name>.debug_line</name>
         <load_address>0x38a0</load_address>
         <run_address>0x38a0</run_address>
         <size>0x2f</size>
         <input_file_ref idref="fl-39"/>
      </object_component>
      <object_component id="oc-61">
         <name>.debug_line</name>
         <load_address>0x38cf</load_address>
         <run_address>0x38cf</run_address>
         <size>0x4e</size>
         <input_file_ref idref="fl-39"/>
      </object_component>
      <object_component id="oc-156">
         <name>.debug_line</name>
         <load_address>0x391d</load_address>
         <run_address>0x391d</run_address>
         <size>0x2f</size>
         <input_file_ref idref="fl-39"/>
      </object_component>
      <object_component id="oc-222">
         <name>.debug_line</name>
         <load_address>0x394c</load_address>
         <run_address>0x394c</run_address>
         <size>0x29</size>
         <input_file_ref idref="fl-3a"/>
      </object_component>
      <object_component id="oc-168">
         <name>.debug_line</name>
         <load_address>0x3975</load_address>
         <run_address>0x3975</run_address>
         <size>0x74</size>
         <input_file_ref idref="fl-3a"/>
      </object_component>
      <object_component id="oc-225">
         <name>.debug_line</name>
         <load_address>0x39e9</load_address>
         <run_address>0x39e9</run_address>
         <size>0x29</size>
         <input_file_ref idref="fl-3a"/>
      </object_component>
      <object_component id="oc-22a">
         <name>.debug_line</name>
         <load_address>0x3a12</load_address>
         <run_address>0x3a12</run_address>
         <size>0x92</size>
         <input_file_ref idref="fl-3a"/>
      </object_component>
      <object_component id="oc-18b">
         <name>.debug_line</name>
         <load_address>0x3aa4</load_address>
         <run_address>0x3aa4</run_address>
         <size>0x20</size>
         <input_file_ref idref="fl-3c"/>
      </object_component>
      <object_component id="oc-8a">
         <name>.debug_line</name>
         <load_address>0x3ac4</load_address>
         <run_address>0x3ac4</run_address>
         <size>0x65</size>
         <input_file_ref idref="fl-3c"/>
      </object_component>
      <object_component id="oc-120">
         <name>.debug_frame</name>
         <load_address>0x0</load_address>
         <run_address>0x0</run_address>
         <size>0xb4</size>
         <input_file_ref idref="fl-2"/>
      </object_component>
      <object_component id="oc-146">
         <name>.debug_frame</name>
         <load_address>0xb4</load_address>
         <run_address>0xb4</run_address>
         <size>0x124</size>
         <input_file_ref idref="fl-4"/>
      </object_component>
      <object_component id="oc-1bf">
         <name>.debug_frame</name>
         <load_address>0x1d8</load_address>
         <run_address>0x1d8</run_address>
         <size>0x40</size>
         <input_file_ref idref="fl-5"/>
      </object_component>
      <object_component id="oc-115">
         <name>.debug_frame</name>
         <load_address>0x218</load_address>
         <run_address>0x218</run_address>
         <size>0x410</size>
         <input_file_ref idref="fl-6"/>
      </object_component>
      <object_component id="oc-12e">
         <name>.debug_frame</name>
         <load_address>0x628</load_address>
         <run_address>0x628</run_address>
         <size>0x134</size>
         <input_file_ref idref="fl-7"/>
      </object_component>
      <object_component id="oc-138">
         <name>.debug_frame</name>
         <load_address>0x75c</load_address>
         <run_address>0x75c</run_address>
         <size>0x44</size>
         <input_file_ref idref="fl-8"/>
      </object_component>
      <object_component id="oc-1d7">
         <name>.debug_frame</name>
         <load_address>0x7a0</load_address>
         <run_address>0x7a0</run_address>
         <size>0x340</size>
         <input_file_ref idref="fl-9"/>
      </object_component>
      <object_component id="oc-12c">
         <name>.debug_frame</name>
         <load_address>0xae0</load_address>
         <run_address>0xae0</run_address>
         <size>0x2e8</size>
         <input_file_ref idref="fl-a"/>
      </object_component>
      <object_component id="oc-35">
         <name>.debug_frame</name>
         <load_address>0xdc8</load_address>
         <run_address>0xdc8</run_address>
         <size>0xc58</size>
         <input_file_ref idref="fl-a"/>
      </object_component>
      <object_component id="oc-9e">
         <name>.debug_frame</name>
         <load_address>0x1a20</load_address>
         <run_address>0x1a20</run_address>
         <size>0x318</size>
         <input_file_ref idref="fl-c"/>
      </object_component>
      <object_component id="oc-13e">
         <name>.debug_frame</name>
         <load_address>0x1d38</load_address>
         <run_address>0x1d38</run_address>
         <size>0x40</size>
         <input_file_ref idref="fl-d"/>
      </object_component>
      <object_component id="oc-126">
         <name>.debug_frame</name>
         <load_address>0x1d78</load_address>
         <run_address>0x1d78</run_address>
         <size>0x4e8</size>
         <input_file_ref idref="fl-e"/>
      </object_component>
      <object_component id="oc-141">
         <name>.debug_frame</name>
         <load_address>0x2260</load_address>
         <run_address>0x2260</run_address>
         <size>0x44</size>
         <input_file_ref idref="fl-f"/>
      </object_component>
      <object_component id="oc-2c">
         <name>.debug_frame</name>
         <load_address>0x22a4</load_address>
         <run_address>0x22a4</run_address>
         <size>0x38</size>
         <input_file_ref idref="fl-30"/>
      </object_component>
      <object_component id="oc-b0">
         <name>.debug_frame</name>
         <load_address>0x22dc</load_address>
         <run_address>0x22dc</run_address>
         <size>0x5c</size>
         <input_file_ref idref="fl-31"/>
      </object_component>
      <object_component id="oc-6d">
         <name>.debug_frame</name>
         <load_address>0x2338</load_address>
         <run_address>0x2338</run_address>
         <size>0x3c</size>
         <input_file_ref idref="fl-32"/>
      </object_component>
      <object_component id="oc-162">
         <name>.debug_frame</name>
         <load_address>0x2374</load_address>
         <run_address>0x2374</run_address>
         <size>0x3c</size>
         <input_file_ref idref="fl-33"/>
      </object_component>
      <object_component id="oc-19">
         <name>.debug_frame</name>
         <load_address>0x23b0</load_address>
         <run_address>0x23b0</run_address>
         <size>0x3c</size>
         <input_file_ref idref="fl-36"/>
      </object_component>
      <object_component id="oc-4a">
         <name>.debug_frame</name>
         <load_address>0x23ec</load_address>
         <run_address>0x23ec</run_address>
         <size>0x68</size>
         <input_file_ref idref="fl-37"/>
      </object_component>
      <object_component id="oc-23">
         <name>.debug_frame</name>
         <load_address>0x2454</load_address>
         <run_address>0x2454</run_address>
         <size>0x3c</size>
         <input_file_ref idref="fl-37"/>
      </object_component>
      <object_component id="oc-aa">
         <name>.debug_frame</name>
         <load_address>0x2490</load_address>
         <run_address>0x2490</run_address>
         <size>0x3c</size>
         <input_file_ref idref="fl-38"/>
      </object_component>
      <object_component id="oc-68">
         <name>.debug_frame</name>
         <load_address>0x24cc</load_address>
         <run_address>0x24cc</run_address>
         <size>0x4c</size>
         <input_file_ref idref="fl-38"/>
      </object_component>
      <object_component id="oc-62">
         <name>.debug_frame</name>
         <load_address>0x2518</load_address>
         <run_address>0x2518</run_address>
         <size>0x3c</size>
         <input_file_ref idref="fl-39"/>
      </object_component>
      <object_component id="oc-169">
         <name>.debug_frame</name>
         <load_address>0x2554</load_address>
         <run_address>0x2554</run_address>
         <size>0x68</size>
         <input_file_ref idref="fl-3a"/>
      </object_component>
      <object_component id="oc-8b">
         <name>.debug_frame</name>
         <load_address>0x25bc</load_address>
         <run_address>0x25bc</run_address>
         <size>0x40</size>
         <input_file_ref idref="fl-3c"/>
      </object_component>
      <object_component id="oc-1c2">
         <name>.debug_abbrev</name>
         <load_address>0x0</load_address>
         <run_address>0x0</run_address>
         <size>0xd4</size>
         <input_file_ref idref="fl-2"/>
      </object_component>
      <object_component id="oc-84">
         <name>.debug_abbrev</name>
         <load_address>0xd4</load_address>
         <run_address>0xd4</run_address>
         <size>0x2e</size>
         <input_file_ref idref="fl-2"/>
      </object_component>
      <object_component id="oc-234">
         <name>.debug_abbrev</name>
         <load_address>0x102</load_address>
         <run_address>0x102</run_address>
         <size>0x61</size>
         <input_file_ref idref="fl-3"/>
      </object_component>
      <object_component id="oc-183">
         <name>.debug_abbrev</name>
         <load_address>0x163</load_address>
         <run_address>0x163</run_address>
         <size>0x24</size>
         <input_file_ref idref="fl-3"/>
      </object_component>
      <object_component id="oc-219">
         <name>.debug_abbrev</name>
         <load_address>0x187</load_address>
         <run_address>0x187</run_address>
         <size>0xc7</size>
         <input_file_ref idref="fl-4"/>
      </object_component>
      <object_component id="oc-217">
         <name>.debug_abbrev</name>
         <load_address>0x24e</load_address>
         <run_address>0x24e</run_address>
         <size>0x29</size>
         <input_file_ref idref="fl-4"/>
      </object_component>
      <object_component id="oc-1dc">
         <name>.debug_abbrev</name>
         <load_address>0x277</load_address>
         <run_address>0x277</run_address>
         <size>0x101</size>
         <input_file_ref idref="fl-4"/>
      </object_component>
      <object_component id="oc-20b">
         <name>.debug_abbrev</name>
         <load_address>0x378</load_address>
         <run_address>0x378</run_address>
         <size>0x52</size>
         <input_file_ref idref="fl-5"/>
      </object_component>
      <object_component id="oc-209">
         <name>.debug_abbrev</name>
         <load_address>0x3ca</load_address>
         <run_address>0x3ca</run_address>
         <size>0xab</size>
         <input_file_ref idref="fl-6"/>
      </object_component>
      <object_component id="oc-1c0">
         <name>.debug_abbrev</name>
         <load_address>0x475</load_address>
         <run_address>0x475</run_address>
         <size>0x105</size>
         <input_file_ref idref="fl-6"/>
      </object_component>
      <object_component id="oc-188">
         <name>.debug_abbrev</name>
         <load_address>0x57a</load_address>
         <run_address>0x57a</run_address>
         <size>0x69</size>
         <input_file_ref idref="fl-6"/>
      </object_component>
      <object_component id="oc-14f">
         <name>.debug_abbrev</name>
         <load_address>0x5e3</load_address>
         <run_address>0x5e3</run_address>
         <size>0x72</size>
         <input_file_ref idref="fl-6"/>
      </object_component>
      <object_component id="oc-1f9">
         <name>.debug_abbrev</name>
         <load_address>0x655</load_address>
         <run_address>0x655</run_address>
         <size>0x35</size>
         <input_file_ref idref="fl-6"/>
      </object_component>
      <object_component id="oc-1ca">
         <name>.debug_abbrev</name>
         <load_address>0x68a</load_address>
         <run_address>0x68a</run_address>
         <size>0xf7</size>
         <input_file_ref idref="fl-7"/>
      </object_component>
      <object_component id="oc-1cb">
         <name>.debug_abbrev</name>
         <load_address>0x781</load_address>
         <run_address>0x781</run_address>
         <size>0x6c</size>
         <input_file_ref idref="fl-8"/>
      </object_component>
      <object_component id="oc-220">
         <name>.debug_abbrev</name>
         <load_address>0x7ed</load_address>
         <run_address>0x7ed</run_address>
         <size>0xd6</size>
         <input_file_ref idref="fl-9"/>
      </object_component>
      <object_component id="oc-17e">
         <name>.debug_abbrev</name>
         <load_address>0x8c3</load_address>
         <run_address>0x8c3</run_address>
         <size>0x6c</size>
         <input_file_ref idref="fl-a"/>
      </object_component>
      <object_component id="oc-de">
         <name>.debug_abbrev</name>
         <load_address>0x92f</load_address>
         <run_address>0x92f</run_address>
         <size>0x27</size>
         <input_file_ref idref="fl-a"/>
      </object_component>
      <object_component id="oc-213">
         <name>.debug_abbrev</name>
         <load_address>0x956</load_address>
         <run_address>0x956</run_address>
         <size>0x27</size>
         <input_file_ref idref="fl-a"/>
      </object_component>
      <object_component id="oc-1c8">
         <name>.debug_abbrev</name>
         <load_address>0x97d</load_address>
         <run_address>0x97d</run_address>
         <size>0x139</size>
         <input_file_ref idref="fl-a"/>
      </object_component>
      <object_component id="oc-75">
         <name>.debug_abbrev</name>
         <load_address>0xab6</load_address>
         <run_address>0xab6</run_address>
         <size>0x62</size>
         <input_file_ref idref="fl-a"/>
      </object_component>
      <object_component id="oc-70">
         <name>.debug_abbrev</name>
         <load_address>0xb18</load_address>
         <run_address>0xb18</run_address>
         <size>0x25</size>
         <input_file_ref idref="fl-b"/>
      </object_component>
      <object_component id="oc-1dd">
         <name>.debug_abbrev</name>
         <load_address>0xb3d</load_address>
         <run_address>0xb3d</run_address>
         <size>0x117</size>
         <input_file_ref idref="fl-c"/>
      </object_component>
      <object_component id="oc-1b3">
         <name>.debug_abbrev</name>
         <load_address>0xc54</load_address>
         <run_address>0xc54</run_address>
         <size>0x29</size>
         <input_file_ref idref="fl-c"/>
      </object_component>
      <object_component id="oc-1b1">
         <name>.debug_abbrev</name>
         <load_address>0xc7d</load_address>
         <run_address>0xc7d</run_address>
         <size>0x29</size>
         <input_file_ref idref="fl-c"/>
      </object_component>
      <object_component id="oc-1af">
         <name>.debug_abbrev</name>
         <load_address>0xca6</load_address>
         <run_address>0xca6</run_address>
         <size>0x29</size>
         <input_file_ref idref="fl-c"/>
      </object_component>
      <object_component id="oc-1b5">
         <name>.debug_abbrev</name>
         <load_address>0xccf</load_address>
         <run_address>0xccf</run_address>
         <size>0x29</size>
         <input_file_ref idref="fl-c"/>
      </object_component>
      <object_component id="oc-1fb">
         <name>.debug_abbrev</name>
         <load_address>0xcf8</load_address>
         <run_address>0xcf8</run_address>
         <size>0x27</size>
         <input_file_ref idref="fl-c"/>
      </object_component>
      <object_component id="oc-203">
         <name>.debug_abbrev</name>
         <load_address>0xd1f</load_address>
         <run_address>0xd1f</run_address>
         <size>0x27</size>
         <input_file_ref idref="fl-c"/>
      </object_component>
      <object_component id="oc-205">
         <name>.debug_abbrev</name>
         <load_address>0xd46</load_address>
         <run_address>0xd46</run_address>
         <size>0x27</size>
         <input_file_ref idref="fl-c"/>
      </object_component>
      <object_component id="oc-207">
         <name>.debug_abbrev</name>
         <load_address>0xd6d</load_address>
         <run_address>0xd6d</run_address>
         <size>0x27</size>
         <input_file_ref idref="fl-c"/>
      </object_component>
      <object_component id="oc-1fd">
         <name>.debug_abbrev</name>
         <load_address>0xd94</load_address>
[...]
         <object_component_ref idref="oc-30"/>
      </symbol>
      <symbol id="sm-244">
         <name>IntGlobalEnable</name>
         <value>0x8000fb88</value>
         <object_component_ref idref="oc-127"/>
      </symbol>
      <symbol id="sm-245">
         <name>IntEventClear</name>
         <value>0x8000f8f4</value>
         <object_component_ref idref="oc-127"/>
      </symbol>
      <symbol id="sm-246">
         <name>_c674x_mask_int7_isr</name>
         <value>0x8000dbe8</value>
         <object_component_ref idref="oc-30"/>
      </symbol>
      <symbol id="sm-247">
         <name>_c674x_mask_int10_isr</name>
         <value>0x8000df8c</value>
         <object_component_ref idref="oc-30"/>
      </symbol>
      <symbol id="sm-248">
         <name>_c674x_mask_int6_isr</name>
         <value>0x8000dab0</value>
         <object_component_ref idref="oc-30"/>
      </symbol>
      <symbol id="sm-249">
         <name>ExcCombineRemove</name>
         <value>0x8000fc4c</value>
         <object_component_ref idref="oc-127"/>
      </symbol>
      <symbol id="sm-24a">
         <name>_c674x_mask_int13_isr</name>
         <value>0x8000e330</value>
         <object_component_ref idref="oc-30"/>
      </symbol>
      <symbol id="sm-24b">
         <name>IntDisable</name>
         <value>0x8000fb40</value>
         <object_component_ref idref="oc-127"/>
      </symbol>
      <symbol id="sm-24c">
         <name>IntRegister</name>
         <value>0x8000f7e8</value>
         <object_component_ref idref="oc-127"/>
      </symbol>
      <symbol id="sm-24d">
         <name>ExcCombineAdd</name>
         <value>0x8000fc04</value>
         <object_component_ref idref="oc-127"/>
      </symbol>
      <symbol id="sm-24e">
         <name>IntGlobalDisable</name>
         <value>0x8000fba4</value>
         <object_component_ref idref="oc-127"/>
      </symbol>
      <symbol id="sm-24f">
         <name>_c674x_rsvd_int3_isr</name>
         <value>0x8000d70c</value>
         <object_component_ref idref="oc-30"/>
      </symbol>
      <symbol id="sm-250">
         <name>_c674x_nmi_isr</name>
         <value>0x8000d4a0</value>
         <object_component_ref idref="oc-30"/>
      </symbol>
      <symbol id="sm-251">
         <name>_c674x_mask_int5_isr</name>
         <value>0x8000d978</value>
         <object_component_ref idref="oc-30"/>
      </symbol>
      <symbol id="sm-252">
         <name>_c674x_mask_int12_isr</name>
         <value>0x8000e1f8</value>
         <object_component_ref idref="oc-30"/>
      </symbol>
      <symbol id="sm-253">
         <name>ExcGlobalEnable</name>
         <value>0x8000fbe0</value>
         <object_component_ref idref="oc-127"/>
      </symbol>
      <symbol id="sm-254">
         <name>_c674x_rsvd_int2_isr</name>
         <value>0x8000d5d4</value>
         <object_component_ref idref="oc-30"/>
      </symbol>
      <symbol id="sm-255">
         <name>_c674x_mask_int4_isr</name>
         <value>0x8000d844</value>
         <object_component_ref idref="oc-30"/>
      </symbol>
      <symbol id="sm-256">
         <name>IntDSPINTCInit</name>
         <value>0x8000f780</value>
         <object_component_ref idref="oc-127"/>
      </symbol>
      <symbol id="sm-257">
         <name>IntEventCombineInit</name>
         <value>0x8000f92c</value>
         <object_component_ref idref="oc-127"/>
      </symbol>
      <symbol id="sm-258">
         <name>_c674x_mask_int15_isr</name>
         <value>0x8000e59c</value>
         <object_component_ref idref="oc-30"/>
      </symbol>
      <symbol id="sm-259">
         <name>IntEventSet</name>
         <value>0x8000f8c0</value>
         <object_component_ref idref="oc-127"/>
      </symbol>
      <symbol id="sm-25a">
         <name>IntEventCombineAdd</name>
         <value>0x8000fa44</value>
         <object_component_ref idref="oc-127"/>
      </symbol>
      <symbol id="sm-25b">
         <name>_c674x_mask_int14_isr</name>
         <value>0x8000e468</value>
         <object_component_ref idref="oc-30"/>
      </symbol>
      <symbol id="sm-25c">
         <name>IntEventCombineRemove</name>
         <value>0x8000fa94</value>
         <object_component_ref idref="oc-127"/>
      </symbol>
      <symbol id="sm-25d">
         <name>IntReset</name>
         <value>0x8000fb70</value>
         <object_component_ref idref="oc-127"/>
      </symbol>
      <symbol id="sm-265">
         <name>_intcVectorTable</name>
         <value>0x80011400</value>
         <object_component_ref idref="oc-26"/>
      </symbol>
      <symbol id="sm-3bd">
         <name>DSPCallesDosPuntoZero</name>
         <value>0x8000c8c4</value>
         <object_component_ref idref="oc-9a"/>
      </symbol>
      <symbol id="sm-3be">
         <name>NUMIIR</name>
         <value>0x8000a6d8</value>
         <object_component_ref idref="oc-10a"/>
      </symbol>
      <symbol id="sm-3bf">
         <name>filterPROIIR</name>
         <value>0x8000cb44</value>
         <object_component_ref idref="oc-9a"/>
      </symbol>
      <symbol id="sm-3c0">
         <name>GPIOPinMuxSetup</name>
         <value>0x8000cee4</value>
         <object_component_ref idref="oc-9a"/>
      </symbol>
      <symbol id="sm-3c1">
         <name>filterPROMedia</name>
         <value>0x8000c640</value>
         <object_component_ref idref="oc-9a"/>
      </symbol>
      <symbol id="sm-3c2">
         <name>DSPCallesMedia</name>
         <value>0x8000ca10</value>
         <object_component_ref idref="oc-9a"/>
      </symbol>
      <symbol id="sm-3c3">
         <name>DSPCallesMediana</name>
         <value>0x8000c984</value>
         <object_component_ref idref="oc-9a"/>
      </symbol>
      <symbol id="sm-3c4">
         <name>filterPROHP</name>
         <value>0x8000c84c</value>
         <object_component_ref idref="oc-9a"/>
      </symbol>
      <symbol id="sm-3c5">
         <name>w</name>
         <value>0x8000a740</value>
         <object_component_ref idref="oc-104"/>
      </symbol>
      <symbol id="sm-3c6">
         <name>main</name>
         <value>0x8000cf50</value>
         <object_component_ref idref="oc-9a"/>
      </symbol>
      <symbol id="sm-3c7">
         <name>DSPCallesHP</name>
         <value>0x8000caa8</value>
         <object_component_ref idref="oc-9a"/>
      </symbol>
      <symbol id="sm-3c8">
         <name>FiltroFIR</name>
         <value>0x8000ce4c</value>
         <object_component_ref idref="oc-9a"/>
      </symbol>
      <symbol id="sm-3c9">
         <name>filterPROFIR</name>
         <value>0x8000cce8</value>
         <object_component_ref idref="oc-9a"/>
      </symbol>
      <symbol id="sm-3ca">
         <name>filterPROMediana</name>
         <value>0x8000c6ac</value>
         <object_component_ref idref="oc-9a"/>
      </symbol>
      <symbol id="sm-3cb">
         <name>SwitchAsInputs</name>
         <value>0x8000cf00</value>
         <object_component_ref idref="oc-9a"/>
      </symbol>
      <symbol id="sm-3cc">
         <name>Mediana3val</name>
         <value>0x8000c58c</value>
         <object_component_ref idref="oc-9a"/>
      </symbol>
      <symbol id="sm-3cd">
         <name>DENIIR</name>
         <value>0x8000a6c8</value>
         <object_component_ref idref="oc-107"/>
      </symbol>
      <symbol id="sm-3ce">
         <name>NUMFIR</name>
         <value>0x8000a660</value>
         <object_component_ref idref="oc-10d"/>
      </symbol>
      <symbol id="sm-3cf">
         <name>FiltroIIR</name>
         <value>0x8000cc60</value>
         <object_component_ref idref="oc-9a"/>
      </symbol>
      <symbol id="sm-3d8">
         <name>McASPPinMuxSetup</name>
         <value>0x80011c60</value>
         <object_component_ref idref="oc-139"/>
      </symbol>
      <symbol id="sm-404">
         <name>McASPTxClkCheckConfig</name>
         <value>0x8000edd4</value>
         <object_component_ref idref="oc-121"/>
      </symbol>
      <symbol id="sm-405">
         <name>McASPTxRxClkSyncDisable</name>
         <value>0x8000eba4</value>
         <object_component_ref idref="oc-121"/>
      </symbol>
      <symbol id="sm-406">
         <name>McASPRxSerActivate</name>
         <value>0x8000efe0</value>
         <object_component_ref idref="oc-121"/>
      </symbol>
      <symbol id="sm-407">
         <name>McASPReadFifoEnable</name>
         <value>0x8000e760</value>
         <object_component_ref idref="oc-121"/>
      </symbol>
      <symbol id="sm-408">
         <name>McASPTxTimeSlotSet</name>
         <value>0x8000ed4c</value>
         <object_component_ref idref="oc-121"/>
      </symbol>
      <symbol id="sm-409">
         <name>McASPTxReset</name>
         <value>0x8000e6e0</value>
         <object_component_ref idref="oc-121"/>
      </symbol>
      <symbol id="sm-40a">
         <name>McASPTxClkCfg</name>
         <value>0x8000e928</value>
         <object_component_ref idref="oc-121"/>
      </symbol>
      <symbol id="sm-40b">
         <name>McASPContextSave</name>
         <value>0x8000f378</value>
         <object_component_ref idref="oc-121"/>
      </symbol>
      <symbol id="sm-40c">
         <name>McASPPinDirOutputSet</name>
         <value>0x8000ecec</value>
         <object_component_ref idref="oc-121"/>
      </symbol>
      <symbol id="sm-40d">
         <name>McASPSerializerTxSet</name>
         <value>0x8000ebc8</value>
         <object_component_ref idref="oc-121"/>
      </symbol>
      <symbol id="sm-40e">
         <name>McASPRxClkStart</name>
         <value>0x8000f100</value>
         <object_component_ref idref="oc-121"/>
      </symbol>
      <symbol id="sm-40f">
         <name>McASPTxClkStart</name>
         <value>0x8000f044</value>
         <object_component_ref idref="oc-121"/>
      </symbol>
      <symbol id="sm-410">
         <name>McASPTxFmtMaskSet</name>
         <value>0x8000e7a4</value>
         <object_component_ref idref="oc-121"/>
      </symbol>
      <symbol id="sm-411">
         <name>McASPRxIntDisable</name>
         <value>0x8000ef40</value>
         <object_component_ref idref="oc-121"/>
      </symbol>
      <symbol id="sm-412">
         <name>McASPRxReset</name>
         <value>0x8000e700</value>
         <object_component_ref idref="oc-121"/>
      </symbol>
      <symbol id="sm-413">
         <name>McASPWriteFifoEnable</name>
         <value>0x8000e718</value>
         <object_component_ref idref="oc-121"/>
      </symbol>
      <symbol id="sm-414">
         <name>McASPPinMcASPSet</name>
         <value>0x8000ecc0</value>
         <object_component_ref idref="oc-121"/>
      </symbol>
      <symbol id="sm-415">
         <name>McASPTxStatusGet</name>
         <value>0x8000f340</value>
         <object_component_ref idref="oc-121"/>
      </symbol>
      <symbol id="sm-416">
         <name>McASPTxFrameSyncCfg</name>
         <value>0x8000e8c8</value>
         <object_component_ref idref="oc-121"/>
      </symbol>
      <symbol id="sm-417">
         <name>McASPTxClkPolaritySet</name>
         <value>0x8000ea80</value>
         <object_component_ref idref="oc-121"/>
      </symbol>
      <symbol id="sm-418">
         <name>McASPRxStatusGet</name>
         <value>0x8000f360</value>
         <object_component_ref idref="oc-121"/>
      </symbol>
      <symbol id="sm-419">
         <name>McASPAMuteDisable</name>
         <value>0x8000edac</value>
         <object_component_ref idref="oc-121"/>
      </symbol>
      <symbol id="sm-41a">
         <name>McASPTxIntDisable</name>
         <value>0x8000ef0c</value>
         <object_component_ref idref="oc-121"/>
      </symbol>
      <symbol id="sm-41b">
         <name>McASPContextRestore</name>
         <value>0x8000f568</value>
         <object_component_ref idref="oc-121"/>
      </symbol>
      <symbol id="sm-41c">
         <name>McASPTxBufWrite</name>
         <value>0x8000f314</value>
         <object_component_ref idref="oc-121"/>
      </symbol>
      <symbol id="sm-41d">
         <name>McASPRxFrameSyncCfg</name>
         <value>0x8000e8f8</value>
         <object_component_ref idref="oc-121"/>
      </symbol>
      <symbol id="sm-41e">
         <name>McASPTxSerActivate</name>
         <value>0x8000ef6c</value>
         <object_component_ref idref="oc-121"/>
      </symbol>
      <symbol id="sm-41f">
         <name>McASPRxFmtSet</name>
         <value>0x8000e800</value>
         <object_component_ref idref="oc-121"/>
      </symbol>
      <symbol id="sm-420">
         <name>McASPRxFmtMaskSet</name>
         <value>0x8000e7c0</value>
         <object_component_ref idref="oc-121"/>
      </symbol>
      <symbol id="sm-421">
         <name>McASPRxHFClkPolaritySet</name>
         <value>0x8000eb40</value>
         <object_component_ref idref="oc-121"/>
      </symbol>
      <symbol id="sm-422">
         <name>McASPSerializerInactivate</name>
         <value>0x8000ec60</value>
         <object_component_ref idref="oc-121"/>
      </symbol>
      <symbol id="sm-423">
         <name>McASPAMuteEnable</name>
         <value>0x8000ed84</value>
         <object_component_ref idref="oc-121"/>
      </symbol>
      <symbol id="sm-424">
         <name>McASPRxClkCheckConfig</name>
         <value>0x8000ee18</value>
         <object_component_ref idref="oc-121"/>
      </symbol>
      <symbol id="sm-425">
         <name>McASPRxTimeSlotSet</name>
         <value>0x8000ed68</value>
         <object_component_ref idref="oc-121"/>
      </symbol>
      <symbol id="sm-426">
         <name>McASPSerializerRxSet</name>
         <value>0x8000ec10</value>
         <object_component_ref idref="oc-121"/>
      </symbol>
      <symbol id="sm-427">
         <name>McASPRxClkPolaritySet</name>
         <value>0x8000eac0</value>
         <object_component_ref idref="oc-121"/>
      </symbol>
      <symbol id="sm-428">
         <name>McASPPinGPIOSet</name>
         <value>0x8000ec8c</value>
         <object_component_ref idref="oc-121"/>
      </symbol>
      <symbol id="sm-429">
         <name>McASPTxEnable</name>
         <value>0x8000f1a0</value>
         <object_component_ref idref="oc-121"/>
      </symbol>
      <symbol id="sm-42a">
         <name>McASPRxClkCfg</name>
         <value>0x8000e9d0</value>
         <object_component_ref idref="oc-121"/>
      </symbol>
      <symbol id="sm-42b">
         <name>McASPRxIntEnable</name>
         <value>0x8000eee0</value>
         <object_component_ref idref="oc-121"/>
      </symbol>
      <symbol id="sm-42c">
         <name>McASPTxFmtSet</name>
         <value>0x8000e7e0</value>
         <object_component_ref idref="oc-121"/>
      </symbol>
      <symbol id="sm-42d">
         <name>McASPTxIntEnable</name>
         <value>0x8000eeac</value>
         <object_component_ref idref="oc-121"/>
      </symbol>
      <symbol id="sm-42e">
         <name>McASPRxFmtI2SSet</name>
         <value>0x8000e870</value>
         <object_component_ref idref="oc-121"/>
      </symbol>
      <symbol id="sm-42f">
         <name>McASPAMUTEINActivate</name>
         <value>0x8000ee60</value>
         <object_component_ref idref="oc-121"/>
      </symbol>
      <symbol id="sm-430">
         <name>McASPTxFmtI2SSet</name>
         <value>0x8000e818</value>
         <object_component_ref idref="oc-121"/>
      </symbol>
      <symbol id="sm-431">
         <name>McASPPinDirInputSet</name>
         <value>0x8000ed20</value>
         <object_component_ref idref="oc-121"/>
      </symbol>
      <symbol id="sm-432">
         <name>McASPTxHFClkPolaritySet</name>
         <value>0x8000eb00</value>
         <object_component_ref idref="oc-121"/>
      </symbol>
      <symbol id="sm-433">
         <name>McASPRxBufRead</name>
         <value>0x8000f2f4</value>
         <object_component_ref idref="oc-121"/>
      </symbol>
      <symbol id="sm-434">
         <name>McASPRxEnable</name>
         <value>0x8000f254</value>
         <object_component_ref idref="oc-121"/>
      </symbol>
      <symbol id="sm-435">
         <name>McASPTxRxClkSyncEnable</name>
         <value>0x8000eb80</value>
         <object_component_ref idref="oc-121"/>
      </symbol>
      <symbol id="sm-44a">
         <name>PSCModuleControl</name>
         <value>0x80011160</value>
         <object_component_ref idref="oc-13f"/>
      </symbol>
      <symbol id="sm-453">
         <name>__c6xabi_divu</name>
         <value>0x80011880</value>
         <object_component_ref idref="oc-21b"/>
      </symbol>
      <symbol id="sm-454">
         <name>__divu</name>
         <value>0x80011880</value>
         <object_component_ref idref="oc-21b"/>
      </symbol>
      <symbol id="sm-45d">
         <name>memcpy</name>
         <value>0x80011b40</value>
         <object_component_ref idref="oc-39"/>
      </symbol>
      <symbol id="sm-466">
         <name>__remu</name>
         <value>0x80011a00</value>
         <object_component_ref idref="oc-116"/>
      </symbol>
      <symbol id="sm-467">
         <name>__c6xabi_remu</name>
         <value>0x80011a00</value>
         <object_component_ref idref="oc-116"/>
      </symbol>
      <symbol id="sm-47d">
         <name>_c_int00</name>
         <value>0x80011be0</value>
         <object_component_ref idref="oc-25"/>
      </symbol>
      <symbol id="sm-47e">
         <name>_stack</name>
         <value>0x80011da0</value>
         <object_component_ref idref="oc-36"/>
      </symbol>
      <symbol id="sm-4a3">
         <name>__TI_auto_init_nobinit_nopinit</name>
         <value>0x800117c0</value>
         <object_component_ref idref="oc-ae"/>
      </symbol>
      <symbol id="sm-4ac">
         <name>_system_pre_init</name>
         <value>0x80011d00</value>
         <object_component_ref idref="oc-69"/>
      </symbol>
      <symbol id="sm-4b5">
         <name>_system_post_cinit</name>
         <value>0x80011ce0</value>
         <object_component_ref idref="oc-15e"/>
      </symbol>
      <symbol id="sm-4d3">
         <name>__TI_decompress_none</name>
         <value>0x80011d40</value>
         <object_component_ref idref="oc-18"/>
      </symbol>
      <symbol id="sm-4fe">
         <name>__TI_decompress_rle24</name>
         <value>0x80011d60</value>
         <object_component_ref idref="oc-1e"/>
      </symbol>
      <symbol id="sm-51f">
         <name>C$$EXIT</name>
         <value>0x80011d20</value>
         <object_component_ref idref="oc-a5"/>
      </symbol>
      <symbol id="sm-520">
         <name>abort</name>
         <value>0x80011d20</value>
         <object_component_ref idref="oc-a5"/>
      </symbol>
      <symbol id="sm-521">
         <name>exit</name>
         <value>0x80011600</value>
         <object_component_ref idref="oc-63"/>
      </symbol>
      <symbol id="sm-522">
         <name>__TI_dtors_ptr</name>
         <value>0x8000a734</value>
         <object_component_ref idref="oc-a2"/>
      </symbol>
      <symbol id="sm-523">
         <name>__TI_cleanup_ptr</name>
         <value>0x8000a730</value>
         <object_component_ref idref="oc-a2"/>
      </symbol>
      <symbol id="sm-524">
         <name>__TI_enable_exit_profile_output</name>
         <value>0x8000a738</value>
         <object_component_ref idref="oc-a2"/>
      </symbol>
      <symbol id="sm-536">
         <name>_args_main</name>
         <value>0x800113c0</value>
         <object_component_ref idref="oc-5d"/>
      </symbol>
      <symbol id="sm-54f">
         <name>__TI_tls_init</name>
         <value>0x80011940</value>
         <object_component_ref idref="oc-164"/>
      </symbol>
      <symbol id="sm-560">
         <name>memset</name>
         <value>0x800116e0</value>
         <object_component_ref idref="oc-86"/>
      </symbol>
      <symbol id="sm-561">
         <name>__TI_STATIC_BASE</name>
         <value>0x8000a74c</value>
      </symbol>
      <symbol id="sm-563">
         <name>__TI_TLS_INIT_Base</name>
         <value>0x0</value>
      </symbol>
      <symbol id="sm-564">
         <name>__TI_TLS_INIT_Limit</name>
         <value>0x0</value>
      </symbol>
   </symbol_table>
   <title>Link successful</title>
</link_info>
